// Jest Snapshot v1, https://goo.gl/fbAQLP

exports[`Field Basic 1`] = `
<div class="n22-example-child n22-example-child-field n22-example-child-field-0">
  <fieldset class="n22-field">
    <header class="n22-field-header n22-field-header-bottom">
      <div class="n22-field-heading">
        <legend class="n22-field-title">区域标题</legend>
        <p class="n22-field-brief">区域描述性文本，可根据具体场景配置</p>
      </div>
      <div class="n22-field-action">
        <div class="action-container">
          操作 <i class="n22-icon icon-font n22-icon-rectangle rectangle md" style="color:;"></i></div>
      </div>
    </header>
    <div class="n22-field-content">
      <div class="n22-field-item is-solid is-browser">
        <div class="n22-field-item-content n22-field-item-content-line">
          <!----> <label class="n22-field-item-title"><span>标题区域</span>
            <!---->
            <!----></label>
          <!---->
          <div class="n22-field-item-control">
            <!---->
          </div>
          <!---->
        </div>
        <!---->
      </div>
      <div class="n22-field-item is-solid is-browser">
        <div class="n22-field-item-content n22-field-item-content-line">
          <!----> <label class="n22-field-item-title"><span>标题区域</span>
            <!---->
            <!----></label>
          <!---->
          <div class="n22-field-item-control">内容文本</div>
          <div class="n22-field-item-right">次要信息
            <!---->
          </div>
        </div>
        <!---->
      </div>
      <div class="n22-field-item is-solid is-browser">
        <div class="n22-field-item-content n22-field-item-content-line">
          <!----> <label class="n22-field-item-title"><span>附加内容</span>
            <!---->
            <!----></label>
          <!---->
          <div class="n22-field-item-control">正文内容</div>
          <!---->
        </div>
        <div class="n22-field-item-children" style="text-align:right;">
          <p>这是子内容区域</p>
        </div>
      </div>
      <div class="n22-field-item is-solid is-browser">
        <div class="n22-field-item-content n22-field-item-content-line">
          <!----> <label class="n22-field-item-title"><span>动作条目</span>
            <!---->
            <!----></label>
          <!---->
          <div class="n22-field-item-control">
            <!---->
          </div>
          <div class="n22-field-item-right"> <span class="svg_icon"><svg-icon icon-class="right_arrow"></svg-icon></span> </div>
        </div>
        <!---->
      </div>
      <div class="n22-field-item is-solid is-disabled is-browser">
        <div class="n22-field-item-content n22-field-item-content-line">
          <!----> <label class="n22-field-item-title"><span>禁用条目</span>
            <!---->
            <!----></label>
          <!---->
          <div class="n22-field-item-control">内容禁用状态</div>
          <div class="n22-field-item-right"> <span class="svg_icon"><svg-icon icon-class="right_arrow"></svg-icon></span> </div>
        </div>
        <!---->
      </div>
    </div>
    <footer class="n22-field-footer">
      <p>区域页脚区域内容插槽</p>
    </footer>
  </fieldset>
</div>
`;
