// Jest Snapshot v1, https://goo.gl/fbAQLP

exports[`NumberKeyboard - Demo Simple type 1`] = `
<div class="n22-example-child n22-example-child-number-keyboard n22-example-child-number-keyboard-1">
  <n22-number-keyboard value="" ok-text="支付" type="simple"></n22-number-keyboard>
</div>
`;

exports[`NumberKeyboard - Demo With confirmation key and decimal point, generally used for price or amount input 1`] = `
<div class="n22-example-child n22-example-child-number-keyboard n22-example-child-number-keyboard-0">
  <n22-number-keyboard value=""></n22-number-keyboard>
  <n22-number-keyboard value="" hide-dot=""></n22-number-keyboard>
  <n22-number-keyboard value="" text-render="function () { [native code] }"></n22-number-keyboard>
</div>
`;
