// Jest Snapshot v1, https://goo.gl/fbAQLP

exports[`Codebox Basic 1`] = `
<div class="n22-example-child n22-example-child-codebox n22-example-child-codebox-0">
  <n22-codebox maxlength="4" autofocus="autofocus"></n22-codebox>
</div>
`;

exports[`Codebox Character mask 1`] = `
<div class="n22-example-child n22-example-child-codebox n22-example-child-codebox-1">
  <n22-codebox mask="true" maxlength="6"></n22-codebox>
</div>
`;

exports[`Codebox System keyboard 1`] = `
<div class="n22-example-child n22-example-child-codebox n22-example-child-codebox-3">
  <n22-codebox maxlength="-1" system=""></n22-codebox>
</div>
`;

exports[`Codebox Unlimited length 1`] = `
<div class="n22-example-child n22-example-child-codebox n22-example-child-codebox-2">
  <n22-codebox maxlength="-1"></n22-codebox>
</div>
`;
